C:\Users\Marvin Neil Sabas.LAPTOP-UG9RRJ0M\AppData\Local\Programs\Python\Python37\EmailUnsubber.py
C:\Users\Marvin Neil Sabas.LAPTOP-UG9RRJ0M\AppData\Local\Programs\Python\Python37\EmailsNotes.py
C:\Users\Marvin Neil Sabas.LAPTOP-UG9RRJ0M\AppData\Local\Programs\Python\Python37\RandomQuizGenerator.py
C:\Users\Marvin Neil Sabas.LAPTOP-UG9RRJ0M\AppData\Local\Programs\Python\Python37\ReadingAndWritingFilesNotes.py
C:\Users\Marvin Neil Sabas.LAPTOP-UG9RRJ0M\AppData\Local\Programs\Python\Python37\RegExpressionsNotes.py
C:\Users\Marvin Neil Sabas.LAPTOP-UG9RRJ0M\AppData\Local\Programs\Python\Python37\PasswordProgram.py
C:\Users\Marvin Neil Sabas.LAPTOP-UG9RRJ0M\AppData\Local\Programs\Python\Python37\StringManipulationNotes.py
C:\Users\Marvin Neil Sabas.LAPTOP-UG9RRJ0M\AppData\Local\Programs\Python\Python37\CollatzSequence.py
C:\Users\Marvin Neil Sabas.LAPTOP-UG9RRJ0M\AppData\Local\Programs\Python\Python37\DictsandStructs.py
C:\Users\Marvin Neil Sabas.LAPTOP-UG9RRJ0M\AppData\Local\Programs\Python\Python37\DisplayInventory.py
C:\Users\Marvin Neil Sabas.LAPTOP-UG9RRJ0M\AppData\Local\Programs\Python\Python37\Birthdays.py
C:\Users\Marvin Neil Sabas.LAPTOP-UG9RRJ0M\AppData\Local\Programs\Python\Python37\ListPractice.py
C:\Users\Marvin Neil Sabas.LAPTOP-UG9RRJ0M\AppData\Local\Programs\Python\Python37\FunctionPractice.py
C:\Users\Marvin Neil Sabas.LAPTOP-UG9RRJ0M\AppData\Local\Programs\Python\Python37\AskforName.py
